// Jest Snapshot v1, https://goo.gl/fbAQLP

exports[`Modal Snapshot test 1`] = `
<DocumentFragment>
  <div
    class="sc-braxZu fTvrrx"
    data-testid="Modal"
  >
    <div
      class="sc-gJhJTp kTJVVP"
    >
      <div>
        Modal
      </div>
    </div>
  </div>
</DocumentFragment>
`;
