// Jest Snapshot v1, https://goo.gl/fbAQLP

exports[`Skeleton Snapshot test 1`] = `
<DocumentFragment>
  <div
    class="sc-braxZu dBUbgW"
    data-testid="Skeleton"
  />
</DocumentFragment>
`;
