// Jest Snapshot v1, https://goo.gl/fbAQLP

exports[`PropertyMap Snapshot test 1`] = `
<DocumentFragment>
  <div
    class="sc-braxZu lnBfiE"
    data-testid="PropertyMap"
  />
</DocumentFragment>
`;
