// Jest Snapshot v1, https://goo.gl/fbAQLP

exports[`PropertyDetail Snapshot test 1`] = `
<DocumentFragment>
  <div
    class="sc-braxZu cGBMNQ"
    data-testid="PropertyDetail"
  />
</DocumentFragment>
`;
