// Jest Snapshot v1, https://goo.gl/fbAQLP

exports[`InputDateRange Snapshot test 1`] = `
<DocumentFragment>
  <div
    class="sc-braxZu jKTTGs"
  >
    <div
      class="react-datepicker-wrapper"
    >
      <div
        class="react-datepicker__input-container react-datepicker__view-calendar-icon"
      >
        <img
          alt="calendar"
          class=" react-datepicker__calendar-icon "
          src="/icons/calendar.svg"
        />
        <input
          class="date-picker"
          placeholder="Select a date to book"
          type="text"
          value=""
        />
      </div>
    </div>
  </div>
</DocumentFragment>
`;
