// Jest Snapshot v1, https://goo.gl/fbAQLP

exports[`Input Snapshot test 1`] = `
<DocumentFragment>
  <div
    class="sc-braxZu jqDACe"
  >
    <input
      class="sc-elDIKY hDaMyU"
      data-testid="Input"
    />
  </div>
</DocumentFragment>
`;
